Microchip MPLAB XC8 Compiler V2.30

Linker command line:

-W-3 --edf=C:\Program Files\Microchip\xc8\v2.30\pic\dat\en_msgs.txt -cn \
  -h+dist/default/production\PIC18F_Demo.X.production.sym \
  --cmf=dist/default/production\PIC18F_Demo.X.production.cmf -z -Q18F26K80 \
  -oC:\Users\Mike\AppData\Local\Temp\sa4gx2 --defsym=__MPLAB_BUILD=1 \
  -Mdist/default/production/PIC18F_Demo.X.production.map -E1 \
  -ver=XC8 Compiler --acfsm=1493 -ASTACK=0ACh-0E40h -pstack=STACK \
  -ACODE=00h-0FFFFh -ACONST=00h-0FFFFh -ASMALLCONST=0F00h-0FFFhx241 \
  -AMEDIUMCONST=0F00h-0FFFFh -ACOMRAM=01h-05Fh -AABS1=00h-0E40h \
  -ABIGRAM=01h-0E40h -ARAM=060h-0FFh,0100h-01FFhx13,0E00h-0E40h \
  -ABANK0=060h-0FFh -ABANK1=0100h-01FFh -ABANK2=0200h-02FFh \
  -ABANK3=0300h-03FFh -ABANK4=0400h-04FFh -ABANK5=0500h-05FFh \
  -ABANK6=0600h-06FFh -ABANK7=0700h-07FFh -ABANK8=0800h-08FFh \
  -ABANK9=0900h-09FFh -ABANK10=0A00h-0AFFh -ABANK11=0B00h-0BFFh \
  -ABANK12=0C00h-0CFFh -ABANK13=0D00h-0DFFh -ABANK14=0E00h-0E40h \
  -ASFR=0E41h-0EFFh,0F00h-0F5Fh,0F60h-0FFFh -ACONFIG=0300000h-030000Dh \
  -AIDLOC=0200000h-0200007h -AEEDATA=0F00000h-0F003FFh -peeprom_data=EEDATA \
  -preset_vec=00h,intcode=08h,intcodelo,powerup,init -pramtop=0F00h \
  -psmallconst=SMALLCONST -pmediumconst=MEDIUMCONST -pconst=CONST \
  -AFARRAM=00h-00h \
  -prdata=COMRAM,nvrram=COMRAM,nvbit=COMRAM,rbss=COMRAM,rbit=COMRAM \
  -pfarbss=FARRAM,fardata=FARRAM,nvFARRAM=FARRAM \
  -pintsave_regs=BIGRAM,bigbss=BIGRAM,bigdata=BIGRAM -pbss=RAM \
  -pidata=CODE,irdata=CODE,ibigdata=CODE,ifardata=CODE -prparam=COMRAM \
  C:\Users\Mike\AppData\Local\Temp\sa4gxd.o \
  dist/default/production\PIC18F_Demo.X.production.o 

Object code version is 3.11

Machine type is 18F26K80



                Name                               Link     Load   Length Selector   Space Scale
C:\Users\Mike\AppData\Local\Temp\sa4gxd.o
                idloc                            200000   200000        8        0       5
                config                           300000   300000        E        0       4
                init                                 4C       4C        4        4       0
                reset_vec                             0        0        4        0       0
dist/default/production\PIC18F_Demo.X.production.o
                intcode                               8        8       44        4       0
                idloc                            200000   200000        8        0       5
                config                           300000   300000        E        0       4
                temp                                 5D       5D        1        1       1
                smallconst                          F00      F00        E      780       0
                text31                             1D90     1D90        2      787       0
                text30                             1CE2     1CE2       1E      787       0
                text28                             1612     1612      13A      787       0
                text27                             1972     1972       78      787       0
                text26                             11E2     11E2      254      787       0
                text25                             1D82     1D82        A      787       0
                text24                             174C     174C       CE      787       0
                text23                             1D78     1D78        A      787       0
                text22                             1D6E     1D6E        A      787       0
                text21                             1D64     1D64        A      787       0
                text20                             1B42     1B42       3E      787       0
                text19                             1D8C     1D8C        4      787       0
                text18                             1D48     1D48       12      787       0
                text17                             1C90     1C90       2A      787       0
                text16                             1D32     1D32       16      787       0
                text15                             1B80     1B80       3C      787       0
                text14                             1BF4     1BF4       38      787       0
                text13                             1D1C     1D1C       16      787       0
                text12                             1D5A     1D5A        A      787       0
                text11                             18DC     18DC       96      787       0
                text10                             1AFE     1AFE       44      787       0
                text9                              1C2C     1C2C       36      787       0
                text8                              181A     181A       C2      787       0
                text7                              1BBC     1BBC       38      787       0
                text6                              1A4E     1A4E       5E      787       0
                text5                               F0E      F0E      2D4      787       0
                text4                              1436     1436      1DC      787       0
                text3                              19EA     19EA       64      787       0
                text2                              1CBA     1CBA       28      787       0
                text1                              1AAC     1AAC       52      787       0
                text0                              1C62     1C62       2E      787       0
                cstackCOMRAM                          1        1       59        1       1
                cstackBANK0                          96       96       10       60       1
                bssBANK0                             60       60       36       60       1
                bssCOMRAM                            5A       5A        3        1       1
                cinit                              1D00     1D00       1C      787       0
                nvBANK0                              A6       A6        6       60       1

TOTAL           Name                               Link     Load   Length     Space
        CLASS   STACK          

        CLASS   CODE           
                intcode                               8        8       44         0
                init                                 4C       4C        4         0
                reset_vec                             0        0        4         0
                text31                             1D90     1D90        2         0
                text30                             1CE2     1CE2       1E         0
                text28                             1612     1612      13A         0
                text27                             1972     1972       78         0
                text26                             11E2     11E2      254         0
                text25                             1D82     1D82        A         0
                text24                             174C     174C       CE         0
                text23                             1D78     1D78        A         0
                text22                             1D6E     1D6E        A         0
                text21                             1D64     1D64        A         0
                text20                             1B42     1B42       3E         0
                text19                             1D8C     1D8C        4         0
                text18                             1D48     1D48       12         0
                text17                             1C90     1C90       2A         0
                text16                             1D32     1D32       16         0
                text15                             1B80     1B80       3C         0
                text14                             1BF4     1BF4       38         0
                text13                             1D1C     1D1C       16         0
                text12                             1D5A     1D5A        A         0
                text11                             18DC     18DC       96         0
                text10                             1AFE     1AFE       44         0
                text9                              1C2C     1C2C       36         0
                text8                              181A     181A       C2         0
                text7                              1BBC     1BBC       38         0
                text6                              1A4E     1A4E       5E         0
                text5                               F0E      F0E      2D4         0
                text4                              1436     1436      1DC         0
                text3                              19EA     19EA       64         0
                text2                              1CBA     1CBA       28         0
                text1                              1AAC     1AAC       52         0
                text0                              1C62     1C62       2E         0
                cinit                              1D00     1D00       1C         0

        CLASS   CONST          

        CLASS   SMALLCONST     
                smallconst                          F00      F00        E         0

        CLASS   MEDIUMCONST    

        CLASS   COMRAM         
                temp                                 5D       5D        1         1
                cstackCOMRAM                          1        1       59         1
                bssCOMRAM                            5A       5A        3         1

        CLASS   ABS1           

        CLASS   BIGRAM         

        CLASS   RAM            

        CLASS   BANK0          
                cstackBANK0                          96       96       10         1
                bssBANK0                             60       60       36         1
                nvBANK0                              A6       A6        6         1

        CLASS   BANK1          

        CLASS   BANK2          

        CLASS   BANK3          

        CLASS   BANK4          

        CLASS   BANK5          

        CLASS   BANK6          

        CLASS   BANK7          

        CLASS   BANK8          

        CLASS   BANK9          

        CLASS   BANK10         

        CLASS   BANK11         

        CLASS   BANK12         

        CLASS   BANK13         

        CLASS   BANK14         

        CLASS   SFR            

        CLASS   CONFIG         
                config                           300000   300000        E         4

        CLASS   IDLOC          
                idloc                            200000   200000        8         5

        CLASS   EEDATA         

        CLASS   FARRAM         



SEGMENTS        Name                           Load    Length   Top    Selector   Space  Class

                reset_vec                      000000  000004  000004         0       0  CODE    
                cstackCOMRAM                   000001  00005D  00005E         1       1  COMRAM  
                intcode                        000008  000048  000050         4       0  CODE    
                bssBANK0                       000060  00004C  0000AC        60       1  BANK0   
                smallconst                     000F00  00000E  000F0E       780       0  SMALLCON
                text5                          000F0E  000E84  001D92       787       0  CODE    


UNUSED ADDRESS RANGES

        Name                Unused          Largest block    Delta
        BANK0            0000AC-0000FF               54
        BANK1            000100-0001FF              100
        BANK10           000A00-000AFF              100
        BANK11           000B00-000BFF              100
        BANK12           000C00-000CFF              100
        BANK13           000D00-000DFF              100
        BANK14           000E00-000E40               41
        BANK2            000200-0002FF              100
        BANK3            000300-0003FF              100
        BANK4            000400-0004FF              100
        BANK5            000500-0005FF              100
        BANK6            000600-0006FF              100
        BANK7            000700-0007FF              100
        BANK8            000800-0008FF              100
        BANK9            000900-0009FF              100
        BIGRAM           00005E-00005F                2
                         0000AC-000E40              D95
        CODE             000004-000007                4
                         000050-000EFF              EB0
                         001D92-00FFFF             E26E
        COMRAM           00005E-00005F                2
        CONST            000004-000007                4
                         000050-000EFF              EB0
                         001D92-00FFFF             E26E
        EEDATA           F00000-F003FF              400
        MEDIUMCONST      001D92-00FFFF             E26E
        RAM              0000AC-000E40              100
        SFR              000E41-000FFF               BF
        SMALLCONST       001D92-00FFFF              100
        STACK            0000AC-000E40              D95

                                  Symbol Table

?_convertReg2ExtendedCANid                         cstackCOMRAM 000003
?_convertReg2StandardCANid                         cstackCOMRAM 000003
?_isalpha                                          cstackCOMRAM 000003
?_islower                                          cstackCOMRAM 000003
?_isupper                                          cstackCOMRAM 000003
?_pad                                              cstackCOMRAM 000015
?_printf                                           cstackBANK0  00009E
?_strlen                                           cstackCOMRAM 000003
?_toupper                                          cstackCOMRAM 000009
?_vfpfcnvrt                                        cstackCOMRAM 000047
?_vfprintf                                         cstackBANK0  000096
?_xtoa                                             cstackCOMRAM 000020
CAN_receive@returnValue                            cstackCOMRAM 000018
CAN_receive@tempCanMsg                             cstackCOMRAM 000016
ECAN_SetWakeUpInterruptHandler@handler             cstackCOMRAM 000003
EUSART1_SetErrorHandler@interruptHandler           cstackCOMRAM 000003
EUSART1_SetFramingErrorHandler@interruptHandler    cstackCOMRAM 000003
EUSART1_SetOverrunErrorHandler@interruptHandler    cstackCOMRAM 000003
EUSART1_Write@txData                               cstackCOMRAM 000003
_ANCON0                                            (abs)        000F5D
_ANCON1                                            (abs)        000F5C
_BAUDCON1                                          (abs)        000FA7
_BRGCON1                                           (abs)        000E43
_BRGCON2                                           (abs)        000E44
_BRGCON3                                           (abs)        000E45
_CANCON                                            (abs)        000F6F
_CANSTAT                                           (abs)        000F6E
_CAN_receive                                       text26       0011E2
_CIOCON                                            (abs)        000F70
_COMSTATbits                                       (abs)        000F71
_ECANCON                                           (abs)        000F72
_ECAN_Initialize                                   text24       00174C
_ECAN_SetWakeUpInterruptHandler                    text25       001D82
_ECAN_WAKI_ISR                                     text30       001CE2
_EUSART1_DefaultErrorHandler                       (abs)        000000
_EUSART1_DefaultFramingErrorHandler                (abs)        000000
_EUSART1_DefaultOverrunErrorHandler                (abs)        000000
_EUSART1_ErrorHandler                              nvBANK0      0000A6
_EUSART1_FramingErrorHandler                       nvBANK0      0000AA
_EUSART1_Initialize                                text20       001B42
_EUSART1_OverrunErrorHandler                       nvBANK0      0000A8
_EUSART1_SetErrorHandler                           text23       001D78
_EUSART1_SetFramingErrorHandler                    text22       001D6E
_EUSART1_SetOverrunErrorHandler                    text21       001D64
_EUSART1_Write                                     text13       001D1C
_INTCON2bits                                       (abs)        000FF1
_INTCONbits                                        (abs)        000FF2
_INTERRUPT_Initialize                              text19       001D8C
_INTERRUPT_InterruptManager                        intcode      000008
_LATA                                              (abs)        000F89
_LATB                                              (abs)        000F8A
_LATC                                              (abs)        000F8B
_OSCCON                                            (abs)        000FD3
_OSCCON2                                           (abs)        000FD2
_OSCILLATOR_Initialize                             text18       001D48
_OSCTUNE                                           (abs)        000F9B
_PIE5bits                                          (abs)        000F76
_PIN_MANAGER_Initialize                            text17       001C90
_PIR1bits                                          (abs)        000F9E
_PIR5bits                                          (abs)        000F77
_RC4                                               (abs)        007C14
_RCONbits                                          (abs)        000FD0
_RCREG1                                            (abs)        000FAE
_RCSTA1                                            (abs)        000FAB
_RCSTA1bits                                        (abs)        000FAB
_REFOCON                                           (abs)        000F9A
_RXB0CONbits                                       (abs)        000F60
_RXB0D0                                            (abs)        000F66
_RXB0D1                                            (abs)        000F67
_RXB0D2                                            (abs)        000F68
_RXB0D3                                            (abs)        000F69
_RXB0D4                                            (abs)        000F6A
_RXB0D5                                            (abs)        000F6B
_RXB0D6                                            (abs)        000F6C
_RXB0D7                                            (abs)        000F6D
_RXB0DLC                                           (abs)        000F65
_RXB0EIDH                                          (abs)        000F63
_RXB0EIDL                                          (abs)        000F64
_RXB0SIDH                                          (abs)        000F61
_RXB0SIDL                                          (abs)        000F62
_RXB1CONbits                                       (abs)        000F30
_RXB1D0                                            (abs)        000F36
_RXB1D1                                            (abs)        000F37
_RXB1D2                                            (abs)        000F38
_RXB1D3                                            (abs)        000F39
_RXB1D4                                            (abs)        000F3A
_RXB1D5                                            (abs)        000F3B
_RXB1D6                                            (abs)        000F3C
_RXB1D7                                            (abs)        000F3D
_RXB1DLC                                           (abs)        000F35
_RXB1EIDH                                          (abs)        000F33
_RXB1EIDL                                          (abs)        000F34
_RXB1SIDH                                          (abs)        000F31
_RXB1SIDL                                          (abs)        000F32
_RXF0EIDH                                          (abs)        000EE2
_RXF0EIDL                                          (abs)        000EE3
_RXF0SIDH                                          (abs)        000EE0
_RXF0SIDL                                          (abs)        000EE1
_RXF1EIDH                                          (abs)        000EE6
_RXF1EIDL                                          (abs)        000EE7
_RXF1SIDH                                          (abs)        000EE4
_RXF1SIDL                                          (abs)        000EE5
_RXF2EIDH                                          (abs)        000EEA
_RXF2EIDL                                          (abs)        000EEB
_RXF2SIDH                                          (abs)        000EE8
_RXF2SIDL                                          (abs)        000EE9
_RXF3EIDH                                          (abs)        000EEE
_RXF3EIDL                                          (abs)        000EEF
_RXF3SIDH                                          (abs)        000EEC
_RXF3SIDL                                          (abs)        000EED
_RXF4EIDH                                          (abs)        000EF2
_RXF4EIDL                                          (abs)        000EF3
_RXF4SIDH                                          (abs)        000EF0
_RXF4SIDL                                          (abs)        000EF1
_RXF5EIDH                                          (abs)        000EF6
_RXF5EIDL                                          (abs)        000EF7
_RXF5SIDH                                          (abs)        000EF4
_RXF5SIDL                                          (abs)        000EF5
_RXM0EIDH                                          (abs)        000EFA
_RXM0EIDL                                          (abs)        000EFB
_RXM0SIDH                                          (abs)        000EF8
_RXM0SIDL                                          (abs)        000EF9
_RXM1EIDH                                          (abs)        000EFE
_RXM1EIDL                                          (abs)        000EFF
_RXM1SIDH                                          (abs)        000EFC
_RXM1SIDL                                          (abs)        000EFD
_SPBRG1                                            (abs)        000FAF
_SPBRGH1                                           (abs)        000F7D
_SYSTEM_Initialize                                 text16       001D32
_TRISA                                             (abs)        000F92
_TRISB                                             (abs)        000F93
_TRISC                                             (abs)        000F94
_TRISC4                                            (abs)        007CA4
_TXB0CONbits                                       (abs)        000F20
_TXB0D0                                            (abs)        000F26
_TXB0D1                                            (abs)        000F27
_TXB0D2                                            (abs)        000F28
_TXB0D3                                            (abs)        000F29
_TXB0D4                                            (abs)        000F2A
_TXB0D5                                            (abs)        000F2B
_TXB0D6                                            (abs)        000F2C
_TXB0D7                                            (abs)        000F2D
_TXB0DLC                                           (abs)        000F25
_TXB0EIDH                                          (abs)        000F23
_TXB0EIDL                                          (abs)        000F24
_TXB0SIDH                                          (abs)        000F21
_TXB0SIDL                                          (abs)        000F22
_TXB1CONbits                                       (abs)        000F10
_TXB1D0                                            (abs)        000F16
_TXB1D1                                            (abs)        000F17
_TXB1D2                                            (abs)        000F18
_TXB1D3                                            (abs)        000F19
_TXB1D4                                            (abs)        000F1A
_TXB1D5                                            (abs)        000F1B
_TXB1D6                                            (abs)        000F1C
_TXB1D7                                            (abs)        000F1D
_TXB1DLC                                           (abs)        000F15
_TXB1EIDH                                          (abs)        000F13
_TXB1EIDL                                          (abs)        000F14
_TXB1SIDH                                          (abs)        000F11
_TXB1SIDL                                          (abs)        000F12
_TXB2CONbits                                       (abs)        000F00
_TXB2D0                                            (abs)        000F06
_TXB2D1                                            (abs)        000F07
_TXB2D2                                            (abs)        000F08
_TXB2D3                                            (abs)        000F09
_TXB2D4                                            (abs)        000F0A
_TXB2D5                                            (abs)        000F0B
_TXB2D6                                            (abs)        000F0C
_TXB2D7                                            (abs)        000F0D
_TXB2DLC                                           (abs)        000F05
_TXB2EIDH                                          (abs)        000F03
_TXB2EIDL                                          (abs)        000F04
_TXB2SIDH                                          (abs)        000F01
_TXB2SIDL                                          (abs)        000F02
_TXREG1                                            (abs)        000FAD
_TXSTA1                                            (abs)        000FAC
_TXSTA1bits                                        (abs)        000FAC
_WPUB                                              (abs)        000F5B
_WakeUpDefaultInterruptHandler                     text31       001D90
_WakeUpInterruptHandler                            bssBANK0     000066
__HRAM                                             (abs)        000000
__Habs1                                            abs1         000000
__Hbank0                                           bank0        000000
__Hbank1                                           bank1        000000
__Hbank10                                          bank10       000000
__Hbank11                                          bank11       000000
__Hbank12                                          bank12       000000
__Hbank13                                          bank13       000000
__Hbank14                                          bank14       000000
__Hbank2                                           bank2        000000
__Hbank3                                           bank3        000000
__Hbank4                                           bank4        000000
__Hbank5                                           bank5        000000
__Hbank6                                           bank6        000000
__Hbank7                                           bank7        000000
__Hbank8                                           bank8        000000
__Hbank9                                           bank9        000000
__Hbigbss                                          bigbss       000000
__Hbigdata                                         bigdata      000000
__Hbigram                                          bigram       000000
__Hbss                                             bss          000000
__HbssBANK0                                        bssBANK0     000000
__HbssCOMRAM                                       bssCOMRAM    000000
__Hcinit                                           cinit        000000
__Hclrtext                                         clrtext      000000
__Hcomram                                          comram       000000
__Hconfig                                          config       30000E
__Hconst                                           const        000000
__HcstackBANK0                                     cstackBANK0  000000
__HcstackCOMRAM                                    cstackCOMRAM 000000
__Hdata                                            data         000000
__Heeprom_data                                     eeprom_data  000000
__Hfarbss                                          farbss       000000
__Hfardata                                         fardata      000000
__Hibigdata                                        ibigdata     000000
__Hidata                                           idata        000000
__Hidloc                                           idloc        200008
__Hifardata                                        ifardata     000000
__Hinit                                            init         000050
__Hintcode                                         intcode      00004C
__Hintcode_body                                    intcode_body 000000
__Hintcodelo                                       intcodelo    00004C
__Hintentry                                        intentry     000000
__Hintret                                          intret       000000
__Hintsave_regs                                    intsave_regs 000000
__Hirdata                                          irdata       000000
__Hmediumconst                                     mediumconst  000000
__HnvBANK0                                         nvBANK0      000000
__HnvFARRAM                                        nvFARRAM     000000
__Hnvbit                                           nvbit        000000
__Hnvrram                                          nvrram       000000
__Hparam                                           rparam       000000
__Hpowerup                                         powerup      00004C
__Hram                                             ram          000000
__Hramtop                                          ramtop       000F00
__Hrbit                                            rbit         000000
__Hrbss                                            rbss         000000
__Hrdata                                           rdata        000000
__Hreset_vec                                       reset_vec    000004
__Hrparam                                          rparam       000000
__Hsfr                                             sfr          000000
__Hsmallconst                                      smallconst   000F0E
__Hspace_0                                         (abs)        001D92
__Hspace_1                                         (abs)        0000AC
__Hspace_2                                         (abs)        000000
__Hspace_4                                         (abs)        60000E
__Hstack                                           stack        000000
__Hstruct                                          struct       000000
__Htemp                                            temp         00005E
__Htext                                            text         000000
__Htext0                                           text0        000000
__Htext1                                           text1        000000
__Htext10                                          text10       000000
__Htext11                                          text11       000000
__Htext12                                          text12       000000
__Htext13                                          text13       000000
__Htext14                                          text14       000000
__Htext15                                          text15       000000
__Htext16                                          text16       000000
__Htext17                                          text17       000000
__Htext18                                          text18       000000
__Htext19                                          text19       000000
__Htext2                                           text2        000000
__Htext20                                          text20       000000
__Htext21                                          text21       000000
__Htext22                                          text22       000000
__Htext23                                          text23       000000
__Htext24                                          text24       000000
__Htext25                                          text25       000000
__Htext26                                          text26       000000
__Htext27                                          text27       000000
__Htext28                                          text28       000000
__Htext3                                           text3        000000
__Htext30                                          text30       000000
__Htext31                                          text31       000000
__Htext32                                          text32       000000
__Htext4                                           text4        000000
__Htext5                                           text5        000000
__Htext6                                           text6        000000
__Htext7                                           text7        000000
__Htext8                                           text8        000000
__Htext9                                           text9        000000
__LRAM                                             (abs)        000001
__Labs1                                            abs1         000000
__Lbank0                                           bank0        000000
__Lbank1                                           bank1        000000
__Lbank10                                          bank10       000000
__Lbank11                                          bank11       000000
__Lbank12                                          bank12       000000
__Lbank13                                          bank13       000000
__Lbank14                                          bank14       000000
__Lbank2                                           bank2        000000
__Lbank3                                           bank3        000000
__Lbank4                                           bank4        000000
__Lbank5                                           bank5        000000
__Lbank6                                           bank6        000000
__Lbank7                                           bank7        000000
__Lbank8                                           bank8        000000
__Lbank9                                           bank9        000000
__Lbigbss                                          bigbss       000000
__Lbigdata                                         bigdata      000000
__Lbigram                                          bigram       000000
__Lbss                                             bss          000000
__LbssBANK0                                        bssBANK0     000000
__LbssCOMRAM                                       bssCOMRAM    000000
__Lcinit                                           cinit        000000
__Lclrtext                                         clrtext      000000
__Lcomram                                          comram       000000
__Lconfig                                          config       000000
__Lconst                                           const        000000
__LcstackBANK0                                     cstackBANK0  000000
__LcstackCOMRAM                                    cstackCOMRAM 000000
__Ldata                                            data         000000
__Leeprom_data                                     eeprom_data  000000
__Lfarbss                                          farbss       000000
__Lfardata                                         fardata      000000
__Libigdata                                        ibigdata     000000
__Lidata                                           idata        000000
__Lidloc                                           idloc        000000
__Lifardata                                        ifardata     000000
__Linit                                            init         00004C
__Lintcode                                         intcode      000008
__Lintcode_body                                    intcode_body 000000
__Lintcodelo                                       intcodelo    00004C
__Lintentry                                        intentry     000000
__Lintret                                          intret       000000
__Lintsave_regs                                    intsave_regs 000000
__Lirdata                                          irdata       000000
__Lmediumconst                                     mediumconst  000000
__LnvBANK0                                         nvBANK0      000000
__LnvFARRAM                                        nvFARRAM     000000
__Lnvbit                                           nvbit        000000
__Lnvrram                                          nvrram       000000
__Lparam                                           rparam       000000
__Lpowerup                                         powerup      00004C
__Lram                                             ram          000000
__Lramtop                                          ramtop       000F00
__Lrbit                                            rbit         000000
__Lrbss                                            rbss         000000
__Lrdata                                           rdata        000000
__Lreset_vec                                       reset_vec    000000
__Lrparam                                          rparam       000000
__Lsfr                                             sfr          000000
__Lsmallconst                                      smallconst   000F00
__Lspace_0                                         (abs)        000000
__Lspace_1                                         (abs)        000000
__Lspace_2                                         (abs)        000000
__Lspace_4                                         (abs)        000000
__Lstack                                           stack        000000
__Lstruct                                          struct       000000
__Ltemp                                            temp         00005D
__Ltext                                            text         000000
__Ltext0                                           text0        000000
__Ltext1                                           text1        000000
__Ltext10                                          text10       000000
__Ltext11                                          text11       000000
__Ltext12                                          text12       000000
__Ltext13                                          text13       000000
__Ltext14                                          text14       000000
__Ltext15                                          text15       000000
__Ltext16                                          text16       000000
__Ltext17                                          text17       000000
__Ltext18                                          text18       000000
__Ltext19                                          text19       000000
__Ltext2                                           text2        000000
__Ltext20                                          text20       000000
__Ltext21                                          text21       000000
__Ltext22                                          text22       000000
__Ltext23                                          text23       000000
__Ltext24                                          text24       000000
__Ltext25                                          text25       000000
__Ltext26                                          text26       000000
__Ltext27                                          text27       000000
__Ltext28                                          text28       000000
__Ltext3                                           text3        000000
__Ltext30                                          text30       000000
__Ltext31                                          text31       000000
__Ltext32                                          text32       000000
__Ltext4                                           text4        000000
__Ltext5                                           text5        000000
__Ltext6                                           text6        000000
__Ltext7                                           text7        000000
__Ltext8                                           text8        000000
__Ltext9                                           text9        000000
__S0                                               (abs)        001D92
__S1                                               (abs)        0000AC
__S2                                               (abs)        000000
__S4                                               (abs)        000000
__S5                                               (abs)        000000
___inthi_sp                                        stack        000000
___intlo_sp                                        stack        000000
___param_bank                                      (abs)        000000
___rparam_used                                     (abs)        000001
___sp                                              stack        000000
__accesstop                                        (abs)        000060
__activetblptr                                     (abs)        000003
__end_of_CAN_receive                               text26       001436
__end_of_ECAN_Initialize                           text24       00181A
__end_of_ECAN_SetWakeUpInterruptHandler            text25       001D8C
__end_of_ECAN_WAKI_ISR                             text30       001D00
__end_of_EUSART1_Initialize                        text20       001B80
__end_of_EUSART1_SetErrorHandler                   text23       001D82
__end_of_EUSART1_SetFramingErrorHandler            text22       001D78
__end_of_EUSART1_SetOverrunErrorHandler            text21       001D6E
__end_of_EUSART1_Write                             text13       001D32
__end_of_INTERRUPT_Initialize                      text19       001D90
__end_of_INTERRUPT_InterruptManager                intcode      00004C
__end_of_OSCILLATOR_Initialize                     text18       001D5A
__end_of_PIN_MANAGER_Initialize                    text17       001CBA
__end_of_SYSTEM_Initialize                         text16       001D48
__end_of_WakeUpDefaultInterruptHandler             text31       001D92
__end_of__initialization                           cinit        001D12
__end_of_convertReg2ExtendedCANid                  text28       00174C
__end_of_convertReg2StandardCANid                  text27       0019EA
__end_of_fputc                                     text11       001972
__end_of_fputs                                     text10       001B42
__end_of_isalpha                                   text15       001BBC
__end_of_islower                                   text7        001BF4
__end_of_isupper                                   text14       001C2C
__end_of_main                                      text0        001C90
__end_of_pad                                       text8        0018DC
__end_of_printRxMessage                            text1        001AFE
__end_of_printf                                    text2        001CE2
__end_of_putch                                     text12       001D64
__end_of_strlen                                    text9        001C62
__end_of_toupper                                   text6        001AAC
__end_of_vfpfcnvrt                                 text4        001612
__end_of_vfprintf                                  text3        001A4E
__end_of_xtoa                                      text5        0011E2
__initialization                                   cinit        001D00
__mediumconst                                      mediumconst  000000
__pbssBANK0                                        bssBANK0     000060
__pbssCOMRAM                                       bssCOMRAM    00005A
__pcinit                                           cinit        001D00
__pcstackBANK0                                     cstackBANK0  000096
__pcstackCOMRAM                                    cstackCOMRAM 000001
__pintcode                                         intcode      000008
__pnvBANK0                                         nvBANK0      0000A6
__psmallconst                                      smallconst   000F00
__ptext0                                           text0        001C62
__ptext1                                           text1        001AAC
__ptext10                                          text10       001AFE
__ptext11                                          text11       0018DC
__ptext12                                          text12       001D5A
__ptext13                                          text13       001D1C
__ptext14                                          text14       001BF4
__ptext15                                          text15       001B80
__ptext16                                          text16       001D32
__ptext17                                          text17       001C90
__ptext18                                          text18       001D48
__ptext19                                          text19       001D8C
__ptext2                                           text2        001CBA
__ptext20                                          text20       001B42
__ptext21                                          text21       001D64
__ptext22                                          text22       001D6E
__ptext23                                          text23       001D78
__ptext24                                          text24       00174C
__ptext25                                          text25       001D82
__ptext26                                          text26       0011E2
__ptext27                                          text27       001972
__ptext28                                          text28       001612
__ptext3                                           text3        0019EA
__ptext30                                          text30       001CE2
__ptext31                                          text31       001D90
__ptext32                                          text32       000000
__ptext4                                           text4        001436
__ptext5                                           text5        000F0E
__ptext6                                           text6        001A4E
__ptext7                                           text7        001BBC
__ptext8                                           text8        00181A
__ptext9                                           text9        001C2C
__ramtop                                           ramtop       000F00
__size_of_CAN_receive                              (abs)        000000
__size_of_ECAN_Initialize                          (abs)        000000
__size_of_ECAN_SetWakeUpInterruptHandler           (abs)        000000
__size_of_ECAN_WAKI_ISR                            (abs)        000000
__size_of_EUSART1_Initialize                       (abs)        000000
__size_of_EUSART1_SetErrorHandler                  (abs)        000000
__size_of_EUSART1_SetFramingErrorHandler           (abs)        000000
__size_of_EUSART1_SetOverrunErrorHandler           (abs)        000000
__size_of_EUSART1_Write                            (abs)        000000
__size_of_INTERRUPT_Initialize                     (abs)        000000
__size_of_INTERRUPT_InterruptManager               (abs)        000000
__size_of_OSCILLATOR_Initialize                    (abs)        000000
__size_of_PIN_MANAGER_Initialize                   (abs)        000000
__size_of_SYSTEM_Initialize                        (abs)        000000
__size_of_WakeUpDefaultInterruptHandler            (abs)        000000
__size_of_convertReg2ExtendedCANid                 (abs)        000000
__size_of_convertReg2StandardCANid                 (abs)        000000
__size_of_fputc                                    (abs)        000000
__size_of_fputs                                    (abs)        000000
__size_of_isalpha                                  (abs)        000000
__size_of_islower                                  (abs)        000000
__size_of_isupper                                  (abs)        000000
__size_of_main                                     (abs)        000000
__size_of_pad                                      (abs)        000000
__size_of_printRxMessage                           (abs)        000000
__size_of_printf                                   (abs)        000000
__size_of_putch                                    (abs)        000000
__size_of_strlen                                   (abs)        000000
__size_of_toupper                                  (abs)        000000
__size_of_vfpfcnvrt                                (abs)        000000
__size_of_vfprintf                                 (abs)        000000
__size_of_xtoa                                     (abs)        000000
__smallconst                                       smallconst   000F00
_convertReg2ExtendedCANid                          text28       001612
_convertReg2StandardCANid                          text27       001972
_dbuf                                              bssBANK0     000068
_eusart1RxLastError                                bssCOMRAM    00005C
_flags                                             bssCOMRAM    00005A
_fputc                                             text11       0018DC
_fputs                                             text10       001AFE
_isalpha                                           text15       001B80
_islower                                           text7        001BBC
_isupper                                           text14       001BF4
_main                                              text0        001C62
_nout                                              bssBANK0     000060
_pad                                               text8        00181A
_prec                                              bssBANK0     000064
_printRxMessage                                    text1        001AAC
_printf                                            text2        001CBA
_putch                                             text12       001D5A
_rxMessage                                         bssBANK0     000088
_strlen                                            text9        001C2C
_toupper                                           text6        001A4E
_toupper$1944                                      cstackCOMRAM 00000F
_vfpfcnvrt                                         text4        001436
_vfprintf                                          text3        0019EA
_width                                             bssBANK0     000062
_xtoa                                              text5        000F0E
_xtoa$1867                                         cstackCOMRAM 000033
_xtoa$1868                                         cstackCOMRAM 000035
btemp                                              temp         00005D
convertReg2ExtendedCANid@CAN_standardLo_ID_hi3bits cstackCOMRAM 000011
convertReg2ExtendedCANid@CAN_standardLo_ID_lo2bits cstackCOMRAM 000010
convertReg2ExtendedCANid@ConvertedID               cstackCOMRAM 000012
convertReg2ExtendedCANid@returnValue               cstackCOMRAM 00000C
convertReg2ExtendedCANid@tempRXBn_EIDH             cstackCOMRAM 00000B
convertReg2ExtendedCANid@tempRXBn_EIDL             cstackCOMRAM 000003
convertReg2ExtendedCANid@tempRXBn_SIDH             cstackCOMRAM 000004
convertReg2ExtendedCANid@tempRXBn_SIDL             cstackCOMRAM 000005
convertReg2StandardCANid@ConvertedID               cstackCOMRAM 00000E
convertReg2StandardCANid@returnValue               cstackCOMRAM 00000A
convertReg2StandardCANid@tempRXBn_SIDH             cstackCOMRAM 000009
convertReg2StandardCANid@tempRXBn_SIDL             cstackCOMRAM 000003
end_of_initialization                              cinit        001D12
fputc@c                                            cstackCOMRAM 000005
fputc@fp                                           cstackCOMRAM 000007
fputs@c                                            cstackCOMRAM 000012
fputs@fp                                           cstackCOMRAM 000010
fputs@i                                            cstackCOMRAM 000013
fputs@s                                            cstackCOMRAM 00000E
int$flags                                          temp         00005D
intlevel0                                          text         000000
intlevel1                                          text         000000
intlevel2                                          text         000000
intlevel3                                          text         000000
isalpha@c                                          cstackCOMRAM 000003
islower@c                                          cstackCOMRAM 000003
isupper@c                                          cstackCOMRAM 000003
pad@buf                                            cstackCOMRAM 000017
pad@fp                                             cstackCOMRAM 000015
pad@i                                              cstackCOMRAM 00001C
pad@p                                              cstackCOMRAM 000019
pad@w                                              cstackCOMRAM 00001E
printf@ap                                          cstackBANK0  0000A4
printf@fmt                                         cstackBANK0  00009E
putch@txData                                       cstackCOMRAM 000004
stackhi                                            (abs)        000E40
stacklo                                            (abs)        0000AC
start                                              init         00004C
start_initialization                               cinit        001D00
strlen@a                                           cstackCOMRAM 000005
strlen@s                                           cstackCOMRAM 000003
toupper@c                                          cstackCOMRAM 000009
ttemp5                                             temp         00005E
ttemp6                                             temp         000061
ttemp7                                             temp         000065
vfpfcnvrt@ap                                       cstackCOMRAM 00004B
vfpfcnvrt@c                                        cstackCOMRAM 000059
vfpfcnvrt@fmt                                      cstackCOMRAM 000049
vfpfcnvrt@fp                                       cstackCOMRAM 000047
vfpfcnvrt@llu                                      cstackCOMRAM 000051
vfprintf@ap                                        cstackBANK0  00009A
vfprintf@cfmt                                      cstackBANK0  00009C
vfprintf@fmt                                       cstackBANK0  000098
vfprintf@fp                                        cstackBANK0  000096
wtemp8                                             temp         00005E
xtoa@c                                             cstackCOMRAM 000045
xtoa@d                                             cstackCOMRAM 000022
xtoa@fp                                            cstackCOMRAM 000020
xtoa@i                                             cstackCOMRAM 000043
xtoa@n                                             cstackCOMRAM 00003B
xtoa@p                                             cstackCOMRAM 000037
xtoa@w                                             cstackCOMRAM 000039
xtoa@x                                             cstackCOMRAM 00002A


FUNCTION INFORMATION:

 *************** function _main *****************
 Defined at:
		line 18 in file "main.c"
 Parameters:    Size  Location     Type
		None
 Auto vars:     Size  Location     Type
		None
 Return value:  Size  Location     Type
                  1    wreg      void 
 Registers used:
		wreg, fsr1l, fsr1h, fsr2l, fsr2h, status,2, status,0, tblptrl, tblptrh, tblptru, cstack
 Tracked objects:
		On entry : 
		On exit  : 
		Unchanged: 
 Data sizes:     COMRAM   BANK0   BANK1   BANK2   BANK3   BANK4   BANK5   BANK6   BANK7   BANK8   BANK9  BANK10  BANK11  BANK12  BANK13  BANK14
      Params:         0       0       0       0       0       0       0       0       0       0       0       0       0       0       0       0
      Locals:         0       0       0       0       0       0       0       0       0       0       0       0       0       0       0       0
      Temps:          0       0       0       0       0       0       0       0       0       0       0       0       0       0       0       0
      Totals:         0       0       0       0       0       0       0       0       0       0       0       0       0       0       0       0
Total ram usage:        0 bytes
 Hardware stack levels required when called:   13
 This function calls:
		_CAN_receive
		_SYSTEM_Initialize
		_printRxMessage
 This function is called by:
		Startup code after reset
 This function uses a non-reentrant model


 *************** function _printRxMessage *****************
 Defined at:
		line 30 in file "main.c"
 Parameters:    Size  Location     Type
		None
 Auto vars:     Size  Location     Type
  canBuff        20    0        unsigned char [20]
 Return value:  Size  Location     Type
                  1    wreg      void 
 Registers used:
		wreg, fsr1l, fsr1h, fsr2l, fsr2h, status,2, status,0, tblptrl, tblptrh, tblptru, cstack
 Tracked objects:
		On entry : 
		On exit  : 
		Unchanged: 
 Data sizes:     COMRAM   BANK0   BANK1   BANK2   BANK3   BANK4   BANK5   BANK6   BANK7   BANK8   BANK9  BANK10  BANK11  BANK12  BANK13  BANK14
      Params:         0       0       0       0       0       0       0       0       0       0       0       0       0       0       0       0
      Locals:         0       0       0       0       0       0       0       0       0       0       0       0       0       0       0       0
      Temps:          0       0       0       0       0       0       0       0       0       0       0       0       0       0       0       0
      Totals:         0       0       0       0       0       0       0       0       0       0       0       0       0       0       0       0
Total ram usage:        0 bytes
 Hardware stack levels used:    1
 Hardware stack levels required when called:   12
 This function calls:
		_printf
 This function is called by:
		_main
 This function uses a non-reentrant model


 *************** function _printf *****************
 Defined at:
		line 5 in file "C:\Program Files\Microchip\xc8\v2.30\pic\sources\c99\common\printf.c"
 Parameters:    Size  Location     Type
  fmt             2    8[BANK0 ] PTR const unsigned char 
		 -> STR_1(11), 
 Auto vars:     Size  Location     Type
  ap              2   14[BANK0 ] PTR void [1]
		 -> ?_printf(2), 
  ret             2    0        int 
 Return value:  Size  Location     Type
                  2    8[BANK0 ] int 
 Registers used:
		wreg, fsr1l, fsr1h, fsr2l, fsr2h, status,2, status,0, tblptrl, tblptrh, tblptru, cstack
 Tracked objects:
		On entry : 
		On exit  : 
		Unchanged: 
 Data sizes:     COMRAM   BANK0   BANK1   BANK2   BANK3   BANK4   BANK5   BANK6   BANK7   BANK8   BANK9  BANK10  BANK11  BANK12  BANK13  BANK14
      Params:         0       4       0       0       0       0       0       0       0       0       0       0       0       0       0       0
      Locals:         0       4       0       0       0       0       0       0       0       0       0       0       0       0       0       0
      Temps:          0       0       0       0       0       0       0       0       0       0       0       0       0       0       0       0
      Totals:         0       8       0       0       0       0       0       0       0       0       0       0       0       0       0       0
Total ram usage:        8 bytes
 Hardware stack levels used:    1
 Hardware stack levels required when called:   11
 This function calls:
		_vfprintf
 This function is called by:
		_printRxMessage
 This function uses a non-reentrant model


 *************** function _vfprintf *****************
 Defined at:
		line 1390 in file "C:\Program Files\Microchip\xc8\v2.30\pic\sources\c99\common\doprnt.c"
 Parameters:    Size  Location     Type
  fp              2    0[BANK0 ] PTR struct _IO_FILE
		 -> NULL(0), 
  fmt             2    2[BANK0 ] PTR const unsigned char 
		 -> STR_1(11), 
  ap              2    4[BANK0 ] PTR PTR void 
		 -> printf@ap(2), 
 Auto vars:     Size  Location     Type
  cfmt            2    6[BANK0 ] PTR unsigned char 
		 -> STR_1(11), 
 Return value:  Size  Location     Type
                  2    0[BANK0 ] int 
 Registers used:
		wreg, fsr1l, fsr1h, fsr2l, fsr2h, status,2, status,0, tblptrl, tblptrh, tblptru, cstack
 Tracked objects:
		On entry : 
		On exit  : 
		Unchanged: 
 Data sizes:     COMRAM   BANK0   BANK1   BANK2   BANK3   BANK4   BANK5   BANK6   BANK7   BANK8   BANK9  BANK10  BANK11  BANK12  BANK13  BANK14
      Params:         0       6       0       0       0       0       0       0       0       0       0       0       0       0       0       0
      Locals:         0       2       0       0       0       0       0       0       0       0       0       0       0       0       0       0
      Temps:          0       0       0       0       0       0       0       0       0       0       0       0       0       0       0       0
      Totals:         0       8       0       0       0       0       0       0       0       0       0       0       0       0       0       0
Total ram usage:        8 bytes
 Hardware stack levels used:    1
 Hardware stack levels required when called:   10
 This function calls:
		_vfpfcnvrt
 This function is called by:
		_printf
 This function uses a non-reentrant model


 *************** function _vfpfcnvrt *****************
 Defined at:
		line 692 in file "C:\Program Files\Microchip\xc8\v2.30\pic\sources\c99\common\doprnt.c"
 Parameters:    Size  Location     Type
  fp              2   70[COMRAM] PTR struct _IO_FILE
		 -> NULL(0), 
  fmt             2   72[COMRAM] PTR PTR unsigned char 
		 -> vfprintf@cfmt(2), 
  ap              2   74[COMRAM] PTR PTR void 
		 -> printf@ap(2), 
 Auto vars:     Size  Location     Type
  llu             8   80[COMRAM] unsigned long long 
  ll              8    0        long long 
  f               4    0        long long 
  vp              3    0        PTR void 
  ct              3    0        unsigned char [3]
  cp              3    0        PTR unsigned char 
  i               2    0        int 
  done            2    0        int 
  c               1   88[COMRAM] unsigned char 
 Return value:  Size  Location     Type
                  2   70[COMRAM] int 
 Registers used:
		wreg, fsr1l, fsr1h, fsr2l, fsr2h, status,2, status,0, tblptrl, tblptrh, tblptru, cstack
 Tracked objects:
		On entry : 
		On exit  : 
		Unchanged: 
 Data sizes:     COMRAM   BANK0   BANK1   BANK2   BANK3   BANK4   BANK5   BANK6   BANK7   BANK8   BANK9  BANK10  BANK11  BANK12  BANK13  BANK14
      Params:         6       0       0       0       0       0       0       0       0       0       0       0       0       0       0       0
      Locals:         9       0       0       0       0       0       0       0       0       0       0       0       0       0       0       0
      Temps:          4       0       0       0       0       0       0       0       0       0       0       0       0       0       0       0
      Totals:        19       0       0       0       0       0       0       0       0       0       0       0       0       0       0       0
Total ram usage:       19 bytes
 Hardware stack levels used:    1
 Hardware stack levels required when called:    9
 This function calls:
		_fputc
		_xtoa
 This function is called by:
		_vfprintf
 This function uses a non-reentrant model


 *************** function _xtoa *****************
 Defined at:
		line 645 in file "C:\Program Files\Microchip\xc8\v2.30\pic\sources\c99\common\doprnt.c"
 Parameters:    Size  Location     Type
  fp              2   31[COMRAM] PTR struct _IO_FILE
		 -> NULL(0), 
  d               8   33[COMRAM] unsigned long long 
  x               1   41[COMRAM] unsigned char 
 Auto vars:     Size  Location     Type
  n               8   58[COMRAM] unsigned long long 
  c               2   68[COMRAM] int 
  i               2   66[COMRAM] int 
  w               2   56[COMRAM] int 
  p               2   54[COMRAM] int 
 Return value:  Size  Location     Type
                  2   31[COMRAM] int 
 Registers used:
		wreg, fsr1l, fsr1h, fsr2l, fsr2h, status,2, status,0, cstack
 Tracked objects:
		On entry : 
		On exit  : 
		Unchanged: 
 Data sizes:     COMRAM   BANK0   BANK1   BANK2   BANK3   BANK4   BANK5   BANK6   BANK7   BANK8   BANK9  BANK10  BANK11  BANK12  BANK13  BANK14
      Params:        11       0       0       0       0       0       0       0       0       0       0       0       0       0       0       0
      Locals:        20       0       0       0       0       0       0       0       0       0       0       0       0       0       0       0
      Temps:          8       0       0       0       0       0       0       0       0       0       0       0       0       0       0       0
      Totals:        39       0       0       0       0       0       0       0       0       0       0       0       0       0       0       0
Total ram usage:       39 bytes
 Hardware stack levels used:    1
 Hardware stack levels required when called:    8
 This function calls:
		_isalpha
		_isupper
		_pad
		_toupper
 This function is called by:
		_vfpfcnvrt
 This function uses a non-reentrant model


 *************** function _toupper *****************
 Defined at:
		line 4 in file "C:\Program Files\Microchip\xc8\v2.30\pic\sources\c99\common\toupper.c"
 Parameters:    Size  Location     Type
  c               2    8[COMRAM] int 
 Auto vars:     Size  Location     Type
		None
 Return value:  Size  Location     Type
                  2    8[COMRAM] int 
 Registers used:
		wreg, status,2, status,0
 Tracked objects:
		On entry : 
		On exit  : 
		Unchanged: 
 Data sizes:     COMRAM   BANK0   BANK1   BANK2   BANK3   BANK4   BANK5   BANK6   BANK7   BANK8   BANK9  BANK10  BANK11  BANK12  BANK13  BANK14
      Params:         2       0       0       0       0       0       0       0       0       0       0       0       0       0       0       0
      Locals:         2       0       0       0       0       0       0       0       0       0       0       0       0       0       0       0
      Temps:          4       0       0       0       0       0       0       0       0       0       0       0       0       0       0       0
      Totals:         8       0       0       0       0       0       0       0       0       0       0       0       0       0       0       0
Total ram usage:        8 bytes
 Hardware stack levels used:    1
 Hardware stack levels required when called:    4
 This function calls:
		_islower
 This function is called by:
		_xtoa
 This function uses a non-reentrant model


 *************** function _islower *****************
 Defined at:
		line 5 in file "C:\Program Files\Microchip\xc8\v2.30\pic\sources\c99\common\islower.c"
 Parameters:    Size  Location     Type
  c               2    2[COMRAM] int 
 Auto vars:     Size  Location     Type
		None
 Return value:  Size  Location     Type
                  2    2[COMRAM] int 
 Registers used:
		wreg, status,2, status,0
 Tracked objects:
		On entry : 
		On exit  : 
		Unchanged: 
 Data sizes:     COMRAM   BANK0   BANK1   BANK2   BANK3   BANK4   BANK5   BANK6   BANK7   BANK8   BANK9  BANK10  BANK11  BANK12  BANK13  BANK14
      Params:         2       0       0       0       0       0       0       0       0       0       0       0       0       0       0       0
      Locals:         0       0       0       0       0       0       0       0       0       0       0       0       0       0       0       0
      Temps:          4       0       0       0       0       0       0       0       0       0       0       0       0       0       0       0
      Totals:         6       0       0       0       0       0       0       0       0       0       0       0       0       0       0       0
Total ram usage:        6 bytes
 Hardware stack levels used:    1
 Hardware stack levels required when called:    3
 This function calls:
		Nothing
 This function is called by:
		_toupper
 This function uses a non-reentrant model


 *************** function _pad *****************
 Defined at:
		line 72 in file "C:\Program Files\Microchip\xc8\v2.30\pic\sources\c99\common\doprnt.c"
 Parameters:    Size  Location     Type
  fp              2   20[COMRAM] PTR struct _IO_FILE
		 -> NULL(0), 
  buf             2   22[COMRAM] PTR unsigned char 
		 -> dbuf(32), 
  p               2   24[COMRAM] int 
 Auto vars:     Size  Location     Type
  w               2   29[COMRAM] int 
  i               2   27[COMRAM] int 
 Return value:  Size  Location     Type
                  2   20[COMRAM] int 
 Registers used:
		wreg, fsr1l, fsr1h, fsr2l, fsr2h, status,2, status,0, cstack
 Tracked objects:
		On entry : 
		On exit  : 
		Unchanged: 
 Data sizes:     COMRAM   BANK0   BANK1   BANK2   BANK3   BANK4   BANK5   BANK6   BANK7   BANK8   BANK9  BANK10  BANK11  BANK12  BANK13  BANK14
      Params:         6       0       0       0       0       0       0       0       0       0       0       0       0       0       0       0
      Locals:         4       0       0       0       0       0       0       0       0       0       0       0       0       0       0       0
      Temps:          1       0       0       0       0       0       0       0       0       0       0       0       0       0       0       0
      Totals:        11       0       0       0       0       0       0       0       0       0       0       0       0       0       0       0
Total ram usage:       11 bytes
 Hardware stack levels used:    1
 Hardware stack levels required when called:    7
 This function calls:
		_fputc
		_fputs
		_strlen
 This function is called by:
		_xtoa
 This function uses a non-reentrant model


 *************** function _strlen *****************
 Defined at:
		line 5 in file "C:\Program Files\Microchip\xc8\v2.30\pic\sources\c99\common\strlen.c"
 Parameters:    Size  Location     Type
  s               2    2[COMRAM] PTR const unsigned char 
		 -> dbuf(32), 
 Auto vars:     Size  Location     Type
  a               2    4[COMRAM] PTR const unsigned char 
		 -> dbuf(32), 
 Return value:  Size  Location     Type
                  2    2[COMRAM] unsigned int 
 Registers used:
		wreg, fsr2l, fsr2h, status,2, status,0
 Tracked objects:
		On entry : 
		On exit  : 
		Unchanged: 
 Data sizes:     COMRAM   BANK0   BANK1   BANK2   BANK3   BANK4   BANK5   BANK6   BANK7   BANK8   BANK9  BANK10  BANK11  BANK12  BANK13  BANK14
      Params:         2       0       0       0       0       0       0       0       0       0       0       0       0       0       0       0
      Locals:         2       0       0       0       0       0       0       0       0       0       0       0       0       0       0       0
      Temps:          0       0       0       0       0       0       0       0       0       0       0       0       0       0       0       0
      Totals:         4       0       0       0       0       0       0       0       0       0       0       0       0       0       0       0
Total ram usage:        4 bytes
 Hardware stack levels used:    1
 Hardware stack levels required when called:    3
 This function calls:
		Nothing
 This function is called by:
		_pad
 This function uses a non-reentrant model


 *************** function _fputs *****************
 Defined at:
		line 8 in file "C:\Program Files\Microchip\xc8\v2.30\pic\sources\c99\common\nf_fputs.c"
 Parameters:    Size  Location     Type
  s               2   13[COMRAM] PTR const unsigned char 
		 -> dbuf(32), 
  fp              2   15[COMRAM] PTR struct _IO_FILE
		 -> NULL(0), 
 Auto vars:     Size  Location     Type
  i               2   18[COMRAM] int 
  c               1   17[COMRAM] unsigned char 
 Return value:  Size  Location     Type
                  2   13[COMRAM] int 
 Registers used:
		wreg, fsr1l, fsr1h, fsr2l, fsr2h, status,2, status,0, cstack
 Tracked objects:
		On entry : 
		On exit  : 
		Unchanged: 
 Data sizes:     COMRAM   BANK0   BANK1   BANK2   BANK3   BANK4   BANK5   BANK6   BANK7   BANK8   BANK9  BANK10  BANK11  BANK12  BANK13  BANK14
      Params:         4       0       0       0       0       0       0       0       0       0       0       0       0       0       0       0
      Locals:         3       0       0       0       0       0       0       0       0       0       0       0       0       0       0       0
      Temps:          0       0       0       0       0       0       0       0       0       0       0       0       0       0       0       0
      Totals:         7       0       0       0       0       0       0       0       0       0       0       0       0       0       0       0
Total ram usage:        7 bytes
 Hardware stack levels used:    1
 Hardware stack levels required when called:    6
 This function calls:
		_fputc
 This function is called by:
		_pad
 This function uses a non-reentrant model


 *************** function _fputc *****************
 Defined at:
		line 8 in file "C:\Program Files\Microchip\xc8\v2.30\pic\sources\c99\common\nf_fputc.c"
 Parameters:    Size  Location     Type
  c               2    4[COMRAM] int 
  fp              2    6[COMRAM] PTR struct _IO_FILE
		 -> NULL(0), 
 Auto vars:     Size  Location     Type
		None
 Return value:  Size  Location     Type
                  2    4[COMRAM] int 
 Registers used:
		wreg, fsr1l, fsr1h, fsr2l, fsr2h, status,2, status,0, cstack
 Tracked objects:
		On entry : 
		On exit  : 
		Unchanged: 
 Data sizes:     COMRAM   BANK0   BANK1   BANK2   BANK3   BANK4   BANK5   BANK6   BANK7   BANK8   BANK9  BANK10  BANK11  BANK12  BANK13  BANK14
      Params:         4       0       0       0       0       0       0       0       0       0       0       0       0       0       0       0
      Locals:         0       0       0       0       0       0       0       0       0       0       0       0       0       0       0       0
      Temps:          5       0       0       0       0       0       0       0       0       0       0       0       0       0       0       0
      Totals:         9       0       0       0       0       0       0       0       0       0       0       0       0       0       0       0
Total ram usage:        9 bytes
 Hardware stack levels used:    1
 Hardware stack levels required when called:    5
 This function calls:
		_putch
 This function is called by:
		_pad
		_vfpfcnvrt
		_fputs
 This function uses a non-reentrant model


 *************** function _putch *****************
 Defined at:
		line 146 in file "mcc_generated_files/eusart1.c"
 Parameters:    Size  Location     Type
  txData          1    wreg     unsigned char 
 Auto vars:     Size  Location     Type
  txData          1    3[COMRAM] unsigned char 
 Return value:  Size  Location     Type
                  1    wreg      void 
 Registers used:
		wreg, status,2, cstack
 Tracked objects:
		On entry : 
		On exit  : 
		Unchanged: 
 Data sizes:     COMRAM   BANK0   BANK1   BANK2   BANK3   BANK4   BANK5   BANK6   BANK7   BANK8   BANK9  BANK10  BANK11  BANK12  BANK13  BANK14
      Params:         0       0       0       0       0       0       0       0       0       0       0       0       0       0       0       0
      Locals:         1       0       0       0       0       0       0       0       0       0       0       0       0       0       0       0
      Temps:          0       0       0       0       0       0       0       0       0       0       0       0       0       0       0       0
      Totals:         1       0       0       0       0       0       0       0       0       0       0       0       0       0       0       0
Total ram usage:        1 bytes
 Hardware stack levels used:    1
 Hardware stack levels required when called:    4
 This function calls:
		_EUSART1_Write
 This function is called by:
		_fputc
 This function uses a non-reentrant model


 *************** function _EUSART1_Write *****************
 Defined at:
		line 132 in file "mcc_generated_files/eusart1.c"
 Parameters:    Size  Location     Type
  txData          1    wreg     unsigned char 
 Auto vars:     Size  Location     Type
  txData          1    2[COMRAM] unsigned char 
 Return value:  Size  Location     Type
                  1    wreg      void 
 Registers used:
		wreg
 Tracked objects:
		On entry : 
		On exit  : 
		Unchanged: 
 Data sizes:     COMRAM   BANK0   BANK1   BANK2   BANK3   BANK4   BANK5   BANK6   BANK7   BANK8   BANK9  BANK10  BANK11  BANK12  BANK13  BANK14
      Params:         0       0       0       0       0       0       0       0       0       0       0       0       0       0       0       0
      Locals:         1       0       0       0       0       0       0       0       0       0       0       0       0       0       0       0
      Temps:          0       0       0       0       0       0       0       0       0       0       0       0       0       0       0       0
      Totals:         1       0       0       0       0       0       0       0       0       0       0       0       0       0       0       0
Total ram usage:        1 bytes
 Hardware stack levels used:    1
 Hardware stack levels required when called:    3
 This function calls:
		Nothing
 This function is called by:
		_putch
 This function uses a non-reentrant model


 *************** function _isupper *****************
 Defined at:
		line 5 in file "C:\Program Files\Microchip\xc8\v2.30\pic\sources\c99\common\isupper.c"
 Parameters:    Size  Location     Type
  c               2    2[COMRAM] int 
 Auto vars:     Size  Location     Type
		None
 Return value:  Size  Location     Type
                  2    2[COMRAM] int 
 Registers used:
		wreg, status,2, status,0
 Tracked objects:
		On entry : 
		On exit  : 
		Unchanged: 
 Data sizes:     COMRAM   BANK0   BANK1   BANK2   BANK3   BANK4   BANK5   BANK6   BANK7   BANK8   BANK9  BANK10  BANK11  BANK12  BANK13  BANK14
      Params:         2       0       0       0       0       0       0       0       0       0       0       0       0       0       0       0
[...]
 Tracked objects:
		On entry : 
		On exit  : 
		Unchanged: 
 Data sizes:     COMRAM   BANK0   BANK1   BANK2   BANK3   BANK4   BANK5   BANK6   BANK7   BANK8   BANK9  BANK10  BANK11  BANK12  BANK13  BANK14
      Params:         2       0       0       0       0       0       0       0       0       0       0       0       0       0       0       0
      Locals:         0       0       0       0       0       0       0       0       0       0       0       0       0       0       0       0
      Temps:          0       0       0       0       0       0       0       0       0       0       0       0       0       0       0       0
      Totals:         2       0       0       0       0       0       0       0       0       0       0       0       0       0       0       0
Total ram usage:        2 bytes
 Hardware stack levels used:    1
 Hardware stack levels required when called:    3
 This function calls:
		Nothing
 This function is called by:
		_EUSART1_Initialize
 This function uses a non-reentrant model


 *************** function _EUSART1_SetFramingErrorHandler *****************
 Defined at:
		line 166 in file "mcc_generated_files/eusart1.c"
 Parameters:    Size  Location     Type
  interruptHan    2    2[COMRAM] PTR FTN()void 
		 -> EUSART1_DefaultFramingErrorHandler(1), 
 Auto vars:     Size  Location     Type
		None
 Return value:  Size  Location     Type
                  1    wreg      void 
 Registers used:
		wreg, status,2, status,0
 Tracked objects:
		On entry : 
		On exit  : 
		Unchanged: 
 Data sizes:     COMRAM   BANK0   BANK1   BANK2   BANK3   BANK4   BANK5   BANK6   BANK7   BANK8   BANK9  BANK10  BANK11  BANK12  BANK13  BANK14
      Params:         2       0       0       0       0       0       0       0       0       0       0       0       0       0       0       0
      Locals:         0       0       0       0       0       0       0       0       0       0       0       0       0       0       0       0
      Temps:          0       0       0       0       0       0       0       0       0       0       0       0       0       0       0       0
      Totals:         2       0       0       0       0       0       0       0       0       0       0       0       0       0       0       0
Total ram usage:        2 bytes
 Hardware stack levels used:    1
 Hardware stack levels required when called:    3
 This function calls:
		Nothing
 This function is called by:
		_EUSART1_Initialize
 This function uses a non-reentrant model


 *************** function _EUSART1_SetErrorHandler *****************
 Defined at:
		line 174 in file "mcc_generated_files/eusart1.c"
 Parameters:    Size  Location     Type
  interruptHan    2    2[COMRAM] PTR FTN()void 
		 -> EUSART1_DefaultErrorHandler(1), 
 Auto vars:     Size  Location     Type
		None
 Return value:  Size  Location     Type
                  1    wreg      void 
 Registers used:
		wreg, status,2, status,0
 Tracked objects:
		On entry : 
		On exit  : 
		Unchanged: 
 Data sizes:     COMRAM   BANK0   BANK1   BANK2   BANK3   BANK4   BANK5   BANK6   BANK7   BANK8   BANK9  BANK10  BANK11  BANK12  BANK13  BANK14
      Params:         2       0       0       0       0       0       0       0       0       0       0       0       0       0       0       0
      Locals:         0       0       0       0       0       0       0       0       0       0       0       0       0       0       0       0
      Temps:          0       0       0       0       0       0       0       0       0       0       0       0       0       0       0       0
      Totals:         2       0       0       0       0       0       0       0       0       0       0       0       0       0       0       0
Total ram usage:        2 bytes
 Hardware stack levels used:    1
 Hardware stack levels required when called:    3
 This function calls:
		Nothing
 This function is called by:
		_EUSART1_Initialize
 This function uses a non-reentrant model


 *************** function _ECAN_Initialize *****************
 Defined at:
		line 65 in file "mcc_generated_files/ecan.c"
 Parameters:    Size  Location     Type
		None
 Auto vars:     Size  Location     Type
		None
 Return value:  Size  Location     Type
                  1    wreg      void 
 Registers used:
		wreg, status,2, status,0, cstack
 Tracked objects:
		On entry : 
		On exit  : 
		Unchanged: 
 Data sizes:     COMRAM   BANK0   BANK1   BANK2   BANK3   BANK4   BANK5   BANK6   BANK7   BANK8   BANK9  BANK10  BANK11  BANK12  BANK13  BANK14
      Params:         0       0       0       0       0       0       0       0       0       0       0       0       0       0       0       0
      Locals:         0       0       0       0       0       0       0       0       0       0       0       0       0       0       0       0
      Temps:          1       0       0       0       0       0       0       0       0       0       0       0       0       0       0       0
      Totals:         1       0       0       0       0       0       0       0       0       0       0       0       0       0       0       0
Total ram usage:        1 bytes
 Hardware stack levels used:    1
 Hardware stack levels required when called:    4
 This function calls:
		_ECAN_SetWakeUpInterruptHandler
 This function is called by:
		_SYSTEM_Initialize
 This function uses a non-reentrant model


 *************** function _ECAN_SetWakeUpInterruptHandler *****************
 Defined at:
		line 440 in file "mcc_generated_files/ecan.c"
 Parameters:    Size  Location     Type
  handler         2    2[COMRAM] PTR FTN()void 
		 -> WakeUpDefaultInterruptHandler(1), 
 Auto vars:     Size  Location     Type
		None
 Return value:  Size  Location     Type
                  1    wreg      void 
 Registers used:
		wreg, status,2, status,0
 Tracked objects:
		On entry : 
		On exit  : 
		Unchanged: 
 Data sizes:     COMRAM   BANK0   BANK1   BANK2   BANK3   BANK4   BANK5   BANK6   BANK7   BANK8   BANK9  BANK10  BANK11  BANK12  BANK13  BANK14
      Params:         2       0       0       0       0       0       0       0       0       0       0       0       0       0       0       0
      Locals:         0       0       0       0       0       0       0       0       0       0       0       0       0       0       0       0
      Temps:          0       0       0       0       0       0       0       0       0       0       0       0       0       0       0       0
      Totals:         2       0       0       0       0       0       0       0       0       0       0       0       0       0       0       0
Total ram usage:        2 bytes
 Hardware stack levels used:    1
 Hardware stack levels required when called:    3
 This function calls:
		Nothing
 This function is called by:
		_ECAN_Initialize
 This function uses a non-reentrant model


 *************** function _CAN_receive *****************
 Defined at:
		line 244 in file "mcc_generated_files/ecan.c"
 Parameters:    Size  Location     Type
  tempCanMsg      2   21[COMRAM] PTR struct .
		 -> rxMessage(14), 
 Auto vars:     Size  Location     Type
  returnValue     1   23[COMRAM] unsigned char 
 Return value:  Size  Location     Type
                  1    wreg      unsigned char 
 Registers used:
		wreg, fsr2l, fsr2h, status,2, status,0, cstack
 Tracked objects:
		On entry : 
		On exit  : 
		Unchanged: 
 Data sizes:     COMRAM   BANK0   BANK1   BANK2   BANK3   BANK4   BANK5   BANK6   BANK7   BANK8   BANK9  BANK10  BANK11  BANK12  BANK13  BANK14
      Params:         2       0       0       0       0       0       0       0       0       0       0       0       0       0       0       0
      Locals:         1       0       0       0       0       0       0       0       0       0       0       0       0       0       0       0
      Temps:          0       0       0       0       0       0       0       0       0       0       0       0       0       0       0       0
      Totals:         3       0       0       0       0       0       0       0       0       0       0       0       0       0       0       0
Total ram usage:        3 bytes
 Hardware stack levels used:    1
 Hardware stack levels required when called:    4
 This function calls:
		_convertReg2ExtendedCANid
		_convertReg2StandardCANid
 This function is called by:
		_main
 This function uses a non-reentrant model


 *************** function _convertReg2StandardCANid *****************
 Defined at:
		line 390 in file "mcc_generated_files/ecan.c"
 Parameters:    Size  Location     Type
  tempRXBn_SID    1    wreg     unsigned char 
  tempRXBn_SID    1    2[COMRAM] unsigned char 
 Auto vars:     Size  Location     Type
  tempRXBn_SID    1    8[COMRAM] unsigned char 
  ConvertedID     4   13[COMRAM] unsigned long 
  returnValue     4    9[COMRAM] unsigned long 
 Return value:  Size  Location     Type
                  4    2[COMRAM] unsigned long 
 Registers used:
		wreg, status,2, status,0
 Tracked objects:
		On entry : 
		On exit  : 
		Unchanged: 
 Data sizes:     COMRAM   BANK0   BANK1   BANK2   BANK3   BANK4   BANK5   BANK6   BANK7   BANK8   BANK9  BANK10  BANK11  BANK12  BANK13  BANK14
      Params:         4       0       0       0       0       0       0       0       0       0       0       0       0       0       0       0
      Locals:         9       0       0       0       0       0       0       0       0       0       0       0       0       0       0       0
      Temps:          2       0       0       0       0       0       0       0       0       0       0       0       0       0       0       0
      Totals:        15       0       0       0       0       0       0       0       0       0       0       0       0       0       0       0
Total ram usage:       15 bytes
 Hardware stack levels used:    1
 Hardware stack levels required when called:    3
 This function calls:
		Nothing
 This function is called by:
		_CAN_receive
 This function uses a non-reentrant model


 *************** function _convertReg2ExtendedCANid *****************
 Defined at:
		line 369 in file "mcc_generated_files/ecan.c"
 Parameters:    Size  Location     Type
  tempRXBn_EID    1    wreg     unsigned char 
  tempRXBn_EID    1    2[COMRAM] unsigned char 
  tempRXBn_SID    1    3[COMRAM] unsigned char 
  tempRXBn_SID    1    4[COMRAM] unsigned char 
 Auto vars:     Size  Location     Type
  tempRXBn_EID    1   10[COMRAM] unsigned char 
  ConvertedID     4   17[COMRAM] unsigned long 
  returnValue     4   11[COMRAM] unsigned long 
  CAN_standard    1   16[COMRAM] unsigned char 
  CAN_standard    1   15[COMRAM] unsigned char 
 Return value:  Size  Location     Type
                  4    2[COMRAM] unsigned long 
 Registers used:
		wreg, status,2, status,0
 Tracked objects:
		On entry : 
		On exit  : 
		Unchanged: 
 Data sizes:     COMRAM   BANK0   BANK1   BANK2   BANK3   BANK4   BANK5   BANK6   BANK7   BANK8   BANK9  BANK10  BANK11  BANK12  BANK13  BANK14
      Params:         4       0       0       0       0       0       0       0       0       0       0       0       0       0       0       0
      Locals:        11       0       0       0       0       0       0       0       0       0       0       0       0       0       0       0
      Temps:          4       0       0       0       0       0       0       0       0       0       0       0       0       0       0       0
      Totals:        19       0       0       0       0       0       0       0       0       0       0       0       0       0       0       0
Total ram usage:       19 bytes
 Hardware stack levels used:    1
 Hardware stack levels required when called:    3
 This function calls:
		Nothing
 This function is called by:
		_CAN_receive
 This function uses a non-reentrant model


 *************** function _INTERRUPT_InterruptManager *****************
 Defined at:
		line 58 in file "mcc_generated_files/interrupt_manager.c"
 Parameters:    Size  Location     Type
		None
 Auto vars:     Size  Location     Type
		None
 Return value:  Size  Location     Type
                  1    wreg      void 
 Registers used:
		wreg, pclath, tosl, cstack
 Tracked objects:
		On entry : 
		On exit  : 
		Unchanged: 
 Data sizes:     COMRAM   BANK0   BANK1   BANK2   BANK3   BANK4   BANK5   BANK6   BANK7   BANK8   BANK9  BANK10  BANK11  BANK12  BANK13  BANK14
      Params:         0       0       0       0       0       0       0       0       0       0       0       0       0       0       0       0
      Locals:         0       0       0       0       0       0       0       0       0       0       0       0       0       0       0       0
      Temps:          2       0       0       0       0       0       0       0       0       0       0       0       0       0       0       0
      Totals:         2       0       0       0       0       0       0       0       0       0       0       0       0       0       0       0
Total ram usage:        2 bytes
 Hardware stack levels used:    1
 Hardware stack levels required when called:    2
 This function calls:
		_ECAN_WAKI_ISR
 This function is called by:
		Interrupt level 2
 This function uses a non-reentrant model


 *************** function _ECAN_WAKI_ISR *****************
 Defined at:
		line 445 in file "mcc_generated_files/ecan.c"
 Parameters:    Size  Location     Type
		None
 Auto vars:     Size  Location     Type
		None
 Return value:  Size  Location     Type
                  1    wreg      void 
 Registers used:
		wreg, pclath, tosl, cstack
 Tracked objects:
		On entry : 
		On exit  : 
		Unchanged: 
 Data sizes:     COMRAM   BANK0   BANK1   BANK2   BANK3   BANK4   BANK5   BANK6   BANK7   BANK8   BANK9  BANK10  BANK11  BANK12  BANK13  BANK14
      Params:         0       0       0       0       0       0       0       0       0       0       0       0       0       0       0       0
      Locals:         0       0       0       0       0       0       0       0       0       0       0       0       0       0       0       0
      Temps:          0       0       0       0       0       0       0       0       0       0       0       0       0       0       0       0
      Totals:         0       0       0       0       0       0       0       0       0       0       0       0       0       0       0       0
Total ram usage:        0 bytes
 Hardware stack levels used:    1
 Hardware stack levels required when called:    1
 This function calls:
		Absolute function
		_WakeUpDefaultInterruptHandler
 This function is called by:
		_INTERRUPT_InterruptManager
 This function uses a non-reentrant model


 *************** function _WakeUpDefaultInterruptHandler *****************
 Defined at:
		line 63 in file "mcc_generated_files/ecan.c"
 Parameters:    Size  Location     Type
		None
 Auto vars:     Size  Location     Type
		None
 Return value:  Size  Location     Type
                  1    wreg      void 
 Registers used:
		None
 Tracked objects:
		On entry : 
		On exit  : 
		Unchanged: 
 Data sizes:     COMRAM   BANK0   BANK1   BANK2   BANK3   BANK4   BANK5   BANK6   BANK7   BANK8   BANK9  BANK10  BANK11  BANK12  BANK13  BANK14
      Params:         0       0       0       0       0       0       0       0       0       0       0       0       0       0       0       0
      Locals:         0       0       0       0       0       0       0       0       0       0       0       0       0       0       0       0
      Temps:          0       0       0       0       0       0       0       0       0       0       0       0       0       0       0       0
      Totals:         0       0       0       0       0       0       0       0       0       0       0       0       0       0       0       0
Total ram usage:        0 bytes
 Hardware stack levels used:    1
 This function calls:
		Nothing
 This function is called by:
		_ECAN_Initialize
		_ECAN_WAKI_ISR
 This function uses a non-reentrant model



MODULE INFORMATION

Module		Function		Class		Link	Load	Size
C:\Program Files\Microchip\xc8\v2.30\pic\sources\c99\common\doprnt.c
		_vfpfcnvrt     		CODE           	1436	0000	476
		_pad           		CODE           	181A	0000	194
		_vfprintf      		CODE           	19EA	0000	100
		_xtoa          		CODE           	0F0E	0000	724

C:\Program Files\Microchip\xc8\v2.30\pic\sources\c99\common\doprnt.c estimated size: 1494

C:\Program Files\Microchip\xc8\v2.30\pic\sources\c99\common\nf_fputs.c
		_fputs         		CODE           	1AFE	0000	68

C:\Program Files\Microchip\xc8\v2.30\pic\sources\c99\common\nf_fputs.c estimated size: 68

mcc_generated_files/interrupt_manager.c
		_INTERRUPT_Initialize		CODE           	1D8C	0000	4
		_INTERRUPT_InterruptManager		CODE           	0008	0000	68

mcc_generated_files/interrupt_manager.c estimated size: 72

mcc_generated_files/pin_manager.c
		_PIN_MANAGER_Initialize		CODE           	1C90	0000	42

mcc_generated_files/pin_manager.c estimated size: 42

mcc_generated_files/ecan.c
		_ECAN_SetWakeUpInterruptHandler		CODE           	1D82	0000	10
		_CAN_receive   		CODE           	11E2	0000	596
		_ECAN_Initialize		CODE           	174C	0000	206
		_convertReg2ExtendedCANid		CODE           	1612	0000	314
		_convertReg2StandardCANid		CODE           	1972	0000	120
		_WakeUpDefaultInterruptHandler		CODE           	1D90	0000	2
		_ECAN_WAKI_ISR 		CODE           	1CE2	0000	30

mcc_generated_files/ecan.c estimated size: 1278

C:\Program Files\Microchip\xc8\v2.30\pic\sources\c99\common\isupper.c
		_isupper       		CODE           	1BF4	0000	56

C:\Program Files\Microchip\xc8\v2.30\pic\sources\c99\common\isupper.c estimated size: 56

C:\Program Files\Microchip\xc8\v2.30\pic\sources\c99\common\printf.c
		_printf        		CODE           	1CBA	0000	40

C:\Program Files\Microchip\xc8\v2.30\pic\sources\c99\common\printf.c estimated size: 40

shared
		__initialization		CODE           	1D00	0000	18

shared estimated size: 18

C:\Program Files\Microchip\xc8\v2.30\pic\sources\c99\common\nf_fputc.c
		_fputc         		CODE           	18DC	0000	150

C:\Program Files\Microchip\xc8\v2.30\pic\sources\c99\common\nf_fputc.c estimated size: 150

mcc_generated_files/eusart1.c
		_EUSART1_Initialize		CODE           	1B42	0000	62
		_putch         		CODE           	1D5A	0000	10
		_EUSART1_SetFramingErrorHandler		CODE           	1D6E	0000	10
		_EUSART1_SetOverrunErrorHandler		CODE           	1D64	0000	10
		_EUSART1_SetErrorHandler		CODE           	1D78	0000	10
		_EUSART1_Write 		CODE           	1D1C	0000	22

mcc_generated_files/eusart1.c estimated size: 124

mcc_generated_files/mcc.c
		_OSCILLATOR_Initialize		CODE           	1D48	0000	18
		_SYSTEM_Initialize		CODE           	1D32	0000	22

mcc_generated_files/mcc.c estimated size: 40

C:\Program Files\Microchip\xc8\v2.30\pic\sources\c99\common\strlen.c
		_strlen        		CODE           	1C2C	0000	54

C:\Program Files\Microchip\xc8\v2.30\pic\sources\c99\common\strlen.c estimated size: 54

C:\Program Files\Microchip\xc8\v2.30\pic\sources\c99\common\islower.c
		_islower       		CODE           	1BBC	0000	56

C:\Program Files\Microchip\xc8\v2.30\pic\sources\c99\common\islower.c estimated size: 56

C:\Program Files\Microchip\xc8\v2.30\pic\sources\c99\common\toupper.c
		_toupper       		CODE           	1A4E	0000	94

C:\Program Files\Microchip\xc8\v2.30\pic\sources\c99\common\toupper.c estimated size: 94

C:\Program Files\Microchip\xc8\v2.30\pic\sources\c99\common\isalpha.c
		_isalpha       		CODE           	1B80	0000	60

C:\Program Files\Microchip\xc8\v2.30\pic\sources\c99\common\isalpha.c estimated size: 60

main.c
		_main          		CODE           	1C62	0000	46
		_printRxMessage		CODE           	1AAC	0000	82

main.c estimated size: 128

